--------------------------------------------------------------------------------
Release 10.1 Trace  (nt64)
Copyright (c) 1995-2008 Xilinx, Inc.  All rights reserved.

C:\Xilinx\10.1\ISE\bin\nt64\unwrapped\trce.exe -ise
C:/Users/zst75/Lab3/Lab3.ise -intstyle ise -e 3 -s 5 -xml Lab3 Lab3.ncd -o
Lab3.twr Lab3.pcf -ucf Lab3.ucf

Design file:              Lab3.ncd
Physical constraint file: Lab3.pcf
Device,package,speed:     xc3s1000,ft256,-5 (PRODUCTION 1.39 2008-01-09)
Report level:             error report

Environment Variable      Effect 
--------------------      ------ 
NONE                      No environment variables were set
--------------------------------------------------------------------------------

INFO:Timing:2698 - No timing constraints found, doing default enumeration.
INFO:Timing:2752 - To get complete path coverage, use the unconstrained paths 
   option. All paths that are not constrained will be reported in the 
   unconstrained paths section(s) of the report.
INFO:Timing:3339 - The clock-to-out numbers in this timing report are based on 
   a 50 Ohm transmission line loading model.  For the details of this model, 
   and for more information on accounting for different loading conditions, 
   please see the device datasheet.



Data Sheet report:
-----------------
All values displayed in nanoseconds (ns)

Pad to Pad
---------------+---------------+---------+
Source Pad     |Destination Pad|  Delay  |
---------------+---------------+---------+
A              |W              |    8.440|
A              |X              |    8.070|
A              |Y              |    7.790|
A              |Z              |    8.300|
B              |W              |    9.072|
B              |X              |    8.997|
B              |Y              |    8.526|
B              |Z              |    8.347|
C              |W              |    8.801|
C              |X              |    8.726|
C              |Y              |    8.235|
C              |Z              |    8.368|
D              |W              |    9.843|
D              |X              |    9.768|
D              |Y              |    9.680|
D              |Z              |    9.204|
E              |W              |    9.730|
E              |X              |    9.977|
E              |Y              |    9.825|
E              |Z              |    9.768|
---------------+---------------+---------+


Analysis completed Wed Sep 26 11:59:40 2012 
--------------------------------------------------------------------------------

Trace Settings:
-------------------------
Trace Settings 

Peak Memory Usage: 147 MB



