AR counter behavior C:/Users/zst75/Lab3/SimUAid_Synthesis_Package.vhd sub00/vhpl45 1348678562
AR or3 behavior C:/Users/zst75/Lab3/SimUAid_Synthesis_Package.vhd sub00/vhpl13 1348678530
EN mux_4_to_1 NULL C:/Users/zst75/Lab3/SimUAid_Synthesis_Package.vhd sub00/vhpl72 1348678589
AR and5 behavior C:/Users/zst75/Lab3/SimUAid_Synthesis_Package.vhd sub00/vhpl09 1348678526
AR shiftregbidir behavior C:/Users/zst75/Lab3/SimUAid_Synthesis_Package.vhd sub00/vhpl59 1348678576
EN dflipflop NULL C:/Users/zst75/Lab3/SimUAid_Synthesis_Package.vhd sub00/vhpl40 1348678557
AR complementer behavior C:/Users/zst75/Lab3/SimUAid_Synthesis_Package.vhd sub00/vhpl63 1348678580
EN shiftregrs NULL C:/Users/zst75/Lab3/SimUAid_Synthesis_Package.vhd sub00/vhpl56 1348678573
AR nor5 behavior C:/Users/zst75/Lab3/SimUAid_Synthesis_Package.vhd sub00/vhpl33 1348678550
EN decoder_3_to_8 NULL C:/Users/zst75/Lab3/SimUAid_Synthesis_Package.vhd sub00/vhpl68 1348678585
EN nand2 NULL C:/Users/zst75/Lab3/SimUAid_Synthesis_Package.vhd sub00/vhpl18 1348678535
EN loadablecounter NULL C:/Users/zst75/Lab3/SimUAid_Synthesis_Package.vhd sub00/vhpl46 1348678563
EN nand3 NULL C:/Users/zst75/Lab3/SimUAid_Synthesis_Package.vhd sub00/vhpl20 1348678537
EN nand4 NULL C:/Users/zst75/Lab3/SimUAid_Synthesis_Package.vhd sub00/vhpl22 1348678539
EN nand5 NULL C:/Users/zst75/Lab3/SimUAid_Synthesis_Package.vhd sub00/vhpl24 1348678541
AR nwidemux behavior C:/Users/zst75/Lab3/SimUAid_Synthesis_Package.vhd sub00/vhpl53 1348678570
EN nbittristate NULL C:/Users/zst75/Lab3/SimUAid_Synthesis_Package.vhd sub00/vhpl60 1348678577
AR or2 behavior C:/Users/zst75/Lab3/SimUAid_Synthesis_Package.vhd sub00/vhpl11 1348678528
AR and4 behavior C:/Users/zst75/Lab3/SimUAid_Synthesis_Package.vhd sub00/vhpl07 1348678524
PB simuaid_synthesis_pack simuaid_synthesis_pack C:/Users/zst75/Lab3/SimUAid_Synthesis_Package.vhd sub00/vhpl01 1348678518
EN shiftregbidir NULL C:/Users/zst75/Lab3/SimUAid_Synthesis_Package.vhd sub00/vhpl58 1348678575
AR nor4 behavior C:/Users/zst75/Lab3/SimUAid_Synthesis_Package.vhd sub00/vhpl31 1348678548
EN xor2 NULL C:/Users/zst75/Lab3/SimUAid_Synthesis_Package.vhd sub00/vhpl34 1348678551
AR mux_4_to_1 behavior C:/Users/zst75/Lab3/SimUAid_Synthesis_Package.vhd sub00/vhpl73 1348678590
EN fulladder NULL C:/Users/zst75/Lab3/SimUAid_Synthesis_Package.vhd sub00/vhpl64 1348678581
AR decoder_3_to_8 behavior C:/Users/zst75/Lab3/SimUAid_Synthesis_Package.vhd sub00/vhpl69 1348678586
AR and3 behavior C:/Users/zst75/Lab3/SimUAid_Synthesis_Package.vhd sub00/vhpl05 1348678522
AR shiftregrs behavior C:/Users/zst75/Lab3/SimUAid_Synthesis_Package.vhd sub00/vhpl57 1348678574
AR nand5 behavior C:/Users/zst75/Lab3/SimUAid_Synthesis_Package.vhd sub00/vhpl25 1348678542
EN nwidemux NULL C:/Users/zst75/Lab3/SimUAid_Synthesis_Package.vhd sub00/vhpl52 1348678569
EN xnor2 NULL C:/Users/zst75/Lab3/SimUAid_Synthesis_Package.vhd sub00/vhpl36 1348678553
AR fulladder behavior C:/Users/zst75/Lab3/SimUAid_Synthesis_Package.vhd sub00/vhpl65 1348678582
EN inverter NULL C:/Users/zst75/Lab3/SimUAid_Synthesis_Package.vhd sub00/vhpl38 1348678555
AR inverter behavior C:/Users/zst75/Lab3/SimUAid_Synthesis_Package.vhd sub00/vhpl39 1348678556
AR jkflipflop behavior C:/Users/zst75/Lab3/SimUAid_Synthesis_Package.vhd sub00/vhpl43 1348678560
AR mux_8_to_1 behavior C:/Users/zst75/Lab3/SimUAid_Synthesis_Package.vhd sub00/vhpl75 1348678592
AR nor3 behavior C:/Users/zst75/Lab3/SimUAid_Synthesis_Package.vhd sub00/vhpl29 1348678546
AR nbittristate behavior C:/Users/zst75/Lab3/SimUAid_Synthesis_Package.vhd sub00/vhpl61 1348678578
EN counter NULL C:/Users/zst75/Lab3/SimUAid_Synthesis_Package.vhd sub00/vhpl44 1348678561
EN complementer NULL C:/Users/zst75/Lab3/SimUAid_Synthesis_Package.vhd sub00/vhpl62 1348678579
AR and2 behavior C:/Users/zst75/Lab3/SimUAid_Synthesis_Package.vhd sub00/vhpl03 1348678520
EN or2 NULL C:/Users/zst75/Lab3/SimUAid_Synthesis_Package.vhd sub00/vhpl10 1348678527
EN or3 NULL C:/Users/zst75/Lab3/SimUAid_Synthesis_Package.vhd sub00/vhpl12 1348678529
EN or4 NULL C:/Users/zst75/Lab3/SimUAid_Synthesis_Package.vhd sub00/vhpl14 1348678531
AR nand4 behavior C:/Users/zst75/Lab3/SimUAid_Synthesis_Package.vhd sub00/vhpl23 1348678540
EN or5 NULL C:/Users/zst75/Lab3/SimUAid_Synthesis_Package.vhd sub00/vhpl16 1348678533
EN tristatebuf NULL C:/Users/zst75/Lab3/SimUAid_Synthesis_Package.vhd sub00/vhpl76 1348678593
EN jkflipflop NULL C:/Users/zst75/Lab3/SimUAid_Synthesis_Package.vhd sub00/vhpl42 1348678559
AR xnor2 behavior C:/Users/zst75/Lab3/SimUAid_Synthesis_Package.vhd sub00/vhpl37 1348678554
EN nbitadder NULL C:/Users/zst75/Lab3/SimUAid_Synthesis_Package.vhd sub00/vhpl50 1348678567
EN mux_2_to_1 NULL C:/Users/zst75/Lab3/SimUAid_Synthesis_Package.vhd sub00/vhpl70 1348678587
AR or5 behavior C:/Users/zst75/Lab3/SimUAid_Synthesis_Package.vhd sub00/vhpl17 1348678534
AR tristatebuf behavior C:/Users/zst75/Lab3/SimUAid_Synthesis_Package.vhd sub00/vhpl77 1348678594
AR nor2 behavior C:/Users/zst75/Lab3/SimUAid_Synthesis_Package.vhd sub00/vhpl27 1348678544
AR nbitadder behavior C:/Users/zst75/Lab3/SimUAid_Synthesis_Package.vhd sub00/vhpl51 1348678568
AR mux_2_to_1 behavior C:/Users/zst75/Lab3/SimUAid_Synthesis_Package.vhd sub00/vhpl71 1348678588
AR nbitregister behavior C:/Users/zst75/Lab3/SimUAid_Synthesis_Package.vhd sub00/vhpl49 1348678566
AR decoder_2_to_4 behavior C:/Users/zst75/Lab3/SimUAid_Synthesis_Package.vhd sub00/vhpl67 1348678584
AR dflipflop behavior C:/Users/zst75/Lab3/SimUAid_Synthesis_Package.vhd sub00/vhpl41 1348678558
AR nand3 behavior C:/Users/zst75/Lab3/SimUAid_Synthesis_Package.vhd sub00/vhpl21 1348678538
EN mux_8_to_1 NULL C:/Users/zst75/Lab3/SimUAid_Synthesis_Package.vhd sub00/vhpl74 1348678591
AR or4 behavior C:/Users/zst75/Lab3/SimUAid_Synthesis_Package.vhd sub00/vhpl15 1348678532
EN nor2 NULL C:/Users/zst75/Lab3/SimUAid_Synthesis_Package.vhd sub00/vhpl26 1348678543
EN nor3 NULL C:/Users/zst75/Lab3/SimUAid_Synthesis_Package.vhd sub00/vhpl28 1348678545
EN nor4 NULL C:/Users/zst75/Lab3/SimUAid_Synthesis_Package.vhd sub00/vhpl30 1348678547
EN nor5 NULL C:/Users/zst75/Lab3/SimUAid_Synthesis_Package.vhd sub00/vhpl32 1348678549
AR shiftregls behavior C:/Users/zst75/Lab3/SimUAid_Synthesis_Package.vhd sub00/vhpl55 1348678572
EN nbitregister NULL C:/Users/zst75/Lab3/SimUAid_Synthesis_Package.vhd sub00/vhpl48 1348678565
PH simuaid_synthesis_pack NULL C:/Users/zst75/Lab3/SimUAid_Synthesis_Package.vhd sub00/vhpl00 1348678517
EN decoder_2_to_4 NULL C:/Users/zst75/Lab3/SimUAid_Synthesis_Package.vhd sub00/vhpl66 1348678583
EN and2 NULL C:/Users/zst75/Lab3/SimUAid_Synthesis_Package.vhd sub00/vhpl02 1348678519
EN and3 NULL C:/Users/zst75/Lab3/SimUAid_Synthesis_Package.vhd sub00/vhpl04 1348678521
EN and4 NULL C:/Users/zst75/Lab3/SimUAid_Synthesis_Package.vhd sub00/vhpl06 1348678523
EN and5 NULL C:/Users/zst75/Lab3/SimUAid_Synthesis_Package.vhd sub00/vhpl08 1348678525
EN shiftregls NULL C:/Users/zst75/Lab3/SimUAid_Synthesis_Package.vhd sub00/vhpl54 1348678571
AR nand2 behavior C:/Users/zst75/Lab3/SimUAid_Synthesis_Package.vhd sub00/vhpl19 1348678536
AR loadablecounter behavior C:/Users/zst75/Lab3/SimUAid_Synthesis_Package.vhd sub00/vhpl47 1348678564
AR xor2 behavior C:/Users/zst75/Lab3/SimUAid_Synthesis_Package.vhd sub00/vhpl35 1348678552
